\BOOKMARK [1][-]{section.1}{\376\377\000I\000N\000T\000R\000O\000D\000U\000C\000T\000I\000O\000N}{}% 1
\BOOKMARK [1][-]{section.2}{\376\377\000L\000I\000T\000E\000R\000A\000T\000U\000R\000E\000\040\000R\000E\000V\000I\000E\000W}{}% 2
\BOOKMARK [2][-]{subsection.2.1}{\376\377\000P\000O\000S\000T\000-\000Q\000U\000A\000N\000T\000U\000M\000\040\000C\000R\000Y\000P\000T\000O\000G\000R\000A\000P\000H\000Y\000\040\000A\000N\000D\000\040\000S\000T\000A\000N\000D\000A\000R\000D\000I\000S\000A\000T\000I\000O\000N}{section.2}% 3
\BOOKMARK [2][-]{subsection.2.2}{\376\377\000P\000O\000S\000T\000-\000Q\000U\000A\000N\000T\000U\000M\000\040\000T\000L\000S}{section.2}% 4
\BOOKMARK [2][-]{subsection.2.3}{\376\377\000P\000O\000S\000T\000-\000Q\000U\000A\000N\000T\000U\000M\000\040\000H\000Y\000P\000E\000R\000L\000E\000D\000G\000E\000R\000\040\000F\000A\000B\000R\000I\000C}{section.2}% 5
\BOOKMARK [1][-]{section.3}{\376\377\000M\000E\000T\000H\000O\000D\000O\000L\000O\000G\000Y}{}% 6
\BOOKMARK [2][-]{subsection.3.1}{\376\377\000C\000O\000N\000S\000T\000R\000U\000C\000T\000I\000O\000N\000\040\000M\000E\000T\000H\000O\000D\000O\000L\000O\000G\000Y}{section.3}% 7
\BOOKMARK [2][-]{subsection.3.2}{\376\377\000D\000E\000S\000I\000G\000N\000\040\000R\000E\000Q\000U\000I\000R\000E\000M\000E\000N\000T\000S\000\040\000A\000N\000D\000\040\000P\000R\000I\000N\000C\000I\000P\000L\000E\000S}{section.3}% 8
\BOOKMARK [2][-]{subsection.3.3}{\376\377\000P\000O\000S\000T\000-\000Q\000U\000A\000N\000T\000U\000M\000\040\000A\000L\000G\000O\000R\000I\000T\000H\000M\000\040\000S\000E\000L\000E\000C\000T\000I\000O\000N}{section.3}% 9
\BOOKMARK [3][-]{subsubsection.3.3.1}{\376\377\000D\000I\000G\000I\000T\000A\000L\000\040\000S\000I\000G\000N\000A\000T\000U\000R\000E\000\040\000A\000L\000G\000O\000R\000I\000T\000H\000M\000\040\000S\000E\000L\000E\000C\000T\000I\000O\000N}{subsection.3.3}% 10
\BOOKMARK [3][-]{subsubsection.3.3.2}{\376\377\000K\000E\000Y\000\040\000E\000N\000C\000A\000P\000S\000U\000L\000A\000T\000I\000O\000N\000\040\000M\000E\000C\000H\000A\000N\000I\000S\000M\000\040\000S\000E\000L\000E\000C\000T\000I\000O\000N}{subsection.3.3}% 11
\BOOKMARK [2][-]{subsection.3.4}{\376\377\000M\000U\000L\000T\000I\000L\000A\000Y\000E\000R\000\040\000A\000R\000C\000H\000I\000T\000E\000C\000T\000U\000R\000E}{section.3}% 12
\BOOKMARK [3][-]{subsubsection.3.4.1}{\376\377\000T\000H\000R\000E\000E\000-\000P\000H\000A\000S\000E\000\040\000M\000I\000G\000R\000A\000T\000I\000O\000N\000\040\000D\000E\000S\000I\000G\000N}{subsection.3.4}% 13
\BOOKMARK [2][-]{subsection.3.5}{\376\377\000B\000C\000C\000S\000P\000\040\000L\000A\000Y\000E\000R\000\040\000I\000M\000P\000L\000E\000M\000E\000N\000T\000A\000T\000I\000O\000N}{section.3}% 14
\BOOKMARK [2][-]{subsection.3.6}{\376\377\000C\000E\000R\000T\000I\000F\000I\000C\000A\000T\000E\000\040\000I\000N\000F\000R\000A\000S\000T\000R\000U\000C\000T\000U\000R\000E\000\040\000I\000M\000P\000L\000E\000M\000E\000N\000T\000A\000T\000I\000O\000N}{section.3}% 15
\BOOKMARK [3][-]{subsubsection.3.6.1}{\376\377\000F\000A\000B\000R\000I\000C\000\040\000C\000A\000\040\000P\000O\000S\000T\000-\000Q\000U\000A\000N\000T\000U\000M\000\040\000E\000X\000T\000E\000N\000S\000I\000O\000N}{subsection.3.6}% 16
\BOOKMARK [2][-]{subsection.3.7}{\376\377\000M\000S\000P\000\040\000I\000D\000E\000N\000T\000I\000T\000Y\000\040\000V\000A\000L\000I\000D\000A\000T\000I\000O\000N\000:\000\040\000T\000H\000E\000\040\000b\000u\000i\000l\000d\000P\000Q\000C\000C\000h\000a\000i\000n\000\050\000\051\000\040\000V\000A\000L\000I\000D\000A\000T\000O\000R}{section.3}% 17
\BOOKMARK [2][-]{subsection.3.8}{\376\377\000T\000L\000S\000\040\000L\000A\000Y\000E\000R\000\040\000I\000M\000P\000L\000E\000M\000E\000N\000T\000A\000T\000I\000O\000N}{section.3}% 18
\BOOKMARK [1][-]{section.4}{\376\377\000E\000X\000P\000E\000R\000I\000M\000E\000N\000T\000A\000L\000\040\000S\000E\000T\000U\000P\000\040\000A\000N\000D\000\040\000R\000E\000S\000U\000L\000T\000S}{}% 19
\BOOKMARK [2][-]{subsection.4.1}{\376\377\000T\000E\000S\000T\000\040\000N\000E\000T\000W\000O\000R\000K\000\040\000C\000O\000N\000F\000I\000G\000U\000R\000A\000T\000I\000O\000N}{section.4}% 20
\BOOKMARK [2][-]{subsection.4.2}{\376\377\000B\000E\000N\000C\000H\000M\000A\000R\000K\000\040\000M\000E\000T\000H\000O\000D\000O\000L\000O\000G\000Y}{section.4}% 21
\BOOKMARK [2][-]{subsection.4.3}{\376\377\000V\000E\000R\000I\000F\000I\000C\000A\000T\000I\000O\000N\000\040\000A\000N\000D\000\040\000C\000O\000R\000R\000E\000C\000T\000N\000E\000S\000S\000\040\000A\000S\000S\000U\000R\000A\000N\000C\000E}{section.4}% 22
\BOOKMARK [2][-]{subsection.4.4}{\376\377\000B\000A\000S\000E\000L\000I\000N\000E\000\040\000A\000N\000D\000\040\000P\000E\000R\000-\000P\000H\000A\000S\000E\000\040\000T\000H\000R\000O\000U\000G\000H\000P\000U\000T\000\040\000R\000E\000S\000U\000L\000T\000S}{section.4}% 23
\BOOKMARK [3][-]{subsubsection.4.4.1}{\376\377\000E\000C\000D\000S\000A\000\040\000P\000-\0002\0005\0006\000\040\000B\000A\000S\000E\000L\000I\000N\000E}{subsection.4.4}% 24
\BOOKMARK [3][-]{subsubsection.4.4.2}{\376\377\000P\000H\000A\000S\000E\000\040\0001\000:\000\040\000B\000C\000C\000S\000P\000\040\000P\000O\000S\000T\000-\000Q\000U\000A\000N\000T\000U\000M\000\040\000S\000I\000G\000N\000I\000N\000G}{subsection.4.4}% 25
\BOOKMARK [3][-]{subsubsection.4.4.3}{\376\377\000P\000H\000A\000S\000E\000\040\0002\000:\000\040\000P\000O\000S\000T\000-\000Q\000U\000A\000N\000T\000U\000M\000\040\000C\000E\000R\000T\000I\000F\000I\000C\000A\000T\000E\000\040\000I\000N\000F\000R\000A\000S\000T\000R\000U\000C\000T\000U\000R\000E}{subsection.4.4}% 26
\BOOKMARK [3][-]{subsubsection.4.4.4}{\376\377\000P\000H\000A\000S\000E\000\040\0003\000:\000\040\000C\000O\000M\000P\000L\000E\000T\000E\000\040\000M\0002\000F\000A\000B\000R\000I\000C\000\040\000D\000E\000P\000L\000O\000Y\000M\000E\000N\000T}{subsection.4.4}% 27
\BOOKMARK [2][-]{subsection.4.5}{\376\377\000C\000O\000N\000S\000O\000L\000I\000D\000A\000T\000E\000D\000\040\000A\000N\000A\000L\000Y\000S\000I\000S\000\040\000A\000N\000D\000\040\000P\000E\000R\000F\000O\000R\000M\000A\000N\000C\000E\000\040\000M\000O\000D\000E\000L\000S}{section.4}% 28
\BOOKMARK [3][-]{subsubsection.4.5.1}{\376\377\000T\000H\000R\000O\000U\000G\000H\000P\000U\000T\000\040\000D\000E\000G\000R\000A\000D\000A\000T\000I\000O\000N\000,\000\040\000L\000A\000T\000E\000N\000C\000Y\000,\000\040\000A\000N\000D\000\040\000S\000T\000O\000R\000A\000G\000E\000\040\000M\000O\000D\000E\000L\000S}{subsection.4.5}% 29
\BOOKMARK [2][-]{subsection.4.6}{\376\377\000A\000L\000G\000O\000R\000I\000T\000H\000M\000\040\000S\000E\000L\000E\000C\000T\000I\000O\000N\000\040\000G\000U\000I\000D\000A\000N\000C\000E}{section.4}% 30
\BOOKMARK [2][-]{subsection.4.7}{\376\377\000S\000E\000C\000U\000R\000I\000T\000Y\000\040\000A\000N\000A\000L\000Y\000S\000I\000S\000\040\000O\000F\000\040\000T\000H\000E\000\040\000I\000M\000P\000L\000E\000M\000E\000N\000T\000A\000T\000I\000O\000N}{section.4}% 31
\BOOKMARK [1][-]{section.5}{\376\377\000D\000I\000S\000C\000U\000S\000S\000I\000O\000N}{}% 32
\BOOKMARK [2][-]{subsection.5.1}{\376\377\000C\000O\000M\000P\000L\000E\000T\000E\000N\000E\000S\000S\000\040\000O\000F\000\040\000T\000H\000E\000\040\000M\000U\000L\000T\000I\000L\000A\000Y\000E\000R\000\040\000A\000P\000P\000R\000O\000A\000C\000H}{section.5}% 33
\BOOKMARK [2][-]{subsection.5.2}{\376\377\000G\000E\000N\000E\000R\000A\000L\000I\000S\000A\000B\000I\000L\000I\000T\000Y\000\040\000T\000O\000\040\000O\000T\000H\000E\000R\000\040\000P\000E\000R\000M\000I\000S\000S\000I\000O\000N\000E\000D\000\040\000B\000L\000O\000C\000K\000C\000H\000A\000I\000N\000S}{section.5}% 34
\BOOKMARK [2][-]{subsection.5.3}{\376\377\000L\000I\000M\000I\000T\000A\000T\000I\000O\000N\000S\000\040\000A\000N\000D\000\040\000T\000H\000R\000E\000A\000T\000S\000\040\000T\000O\000\040\000V\000A\000L\000I\000D\000I\000T\000Y}{section.5}% 35
\BOOKMARK [1][-]{section.6}{\376\377\000C\000O\000N\000C\000L\000U\000S\000I\000O\000N}{}% 36
\BOOKMARK [1][-]{section.6}{\376\377\000R\000E\000F\000E\000R\000E\000N\000C\000E\000S}{}% 37
